// Jest Snapshot v1, https://goo.gl/fbAQLP

exports[`AddProperty renders correctly 1`] = `
<DocumentFragment>
  <div
    class="add-property"
  >
    <h2>
      Add Property Page
    </h2>
  </div>
</DocumentFragment>
`;
