// Jest Snapshot v1, https://goo.gl/fbAQLP

exports[`Properties renders correctly 1`] = `
<DocumentFragment>
  <div
    class="properties"
  >
    <h2>
      Properties Page
    </h2>
    <div
      class="properties__card"
    />
  </div>
</DocumentFragment>
`;
